{
  "report": "Gson Serialisation working good!",
  "status": true,
  "msg": "balajeetm"
}