{
	"report": "Gson Deserialisation working good!",
	"status": true
}